../Core/Src/main.c:78:17:u16_abs_i16	16	static
../Core/Src/main.c:86:20:Buzzer_On	8	static
../Core/Src/main.c:91:20:Buzzer_Off	8	static
../Core/Src/main.c:97:13:Buzzer_Beep	16	static
../Core/Src/main.c:105:13:Buzzer_BeepOK	8	static
../Core/Src/main.c:113:13:Buzzer_BeepGranted	8	static
../Core/Src/main.c:119:13:Buzzer_BeepDenied	16	static
../Core/Src/main.c:129:13:Buzzer_Alarm	24	static
../Core/Src/main.c:145:6:lcd_send_string_safe	40	static
../Core/Src/main.c:159:13:lcd_show	16	static
../Core/Src/main.c:166:13:lcd_show_idle	8	static
../Core/Src/main.c:177:6:read_keypad	8	static
../Core/Src/main.c:225:9:get_password	24	static
../Core/Src/main.c:272:6:Solenoid_Unlock	8	static
../Core/Src/main.c:277:6:Solenoid_Lock	8	static
../Core/Src/main.c:285:9:ResetButton_IsPressed	8	static
../Core/Src/main.c:293:6:Setup_RegisterCard	56	static
../Core/Src/main.c:325:6:Setup_EnrollFingerprints	40	static
../Core/Src/main.c:357:6:Setup_RegisterPassword	8	static
../Core/Src/main.c:378:16:MPU_CheckTamper	40	static
../Core/Src/main.c:399:5:main	152	static
../Core/Src/main.c:683:6:SystemClock_Config	88	static
../Core/Src/main.c:730:13:MX_I2C1_Init	8	static
../Core/Src/main.c:764:13:MX_I2C2_Init	8	static
../Core/Src/main.c:798:13:MX_SPI1_Init	8	static
../Core/Src/main.c:836:13:MX_USART1_UART_Init	8	static
../Core/Src/main.c:869:13:MX_USART2_UART_Init	8	static
../Core/Src/main.c:902:13:MX_USART6_UART_Init	8	static
../Core/Src/main.c:935:13:MX_GPIO_Init	48	static
../Core/Src/main.c:1009:6:Error_Handler	4	static,ignoring_inline_asm
