../Core/Src/R307.c:8:17:R307_BuildCommand	32	static
../Core/Src/R307.c:51:26:R307_SendCommand	32	static
../Core/Src/R307.c:94:26:R307_CaptureFinger	64	static
../Core/Src/R307.c:114:26:R307_Image2Tz	72	static
../Core/Src/R307.c:139:26:R307_GenerateTemplate	64	static
../Core/Src/R307.c:161:26:R307_StoreTemplate	88	static
../Core/Src/R307.c:186:26:R307_SearchDatabase	96	static
../Core/Src/R307.c:221:26:R307_DeleteTemplate	88	static
../Core/Src/R307.c:247:26:R307_ClearAllTemplates	64	static
../Core/Src/R307.c:266:26:WaitForFingerRemoval	88	static
../Core/Src/R307.c:303:26:WaitForFingerPlacement	88	static
../Core/Src/R307.c:339:19:R307_Enroll	336	static
../Core/Src/R307.c:409:19:R307_Verify	152	static
../Core/Src/R307.c:447:19:R307_VerifyPassword	112	static
../Core/Src/R307.c:475:19:R307_SetPassword	112	static
../Core/Src/R307.c:506:19:R307_ClearAllFingerprints	8	static
../Core/Src/R307.c:511:19:R307_DeleteFingerprints	16	static
